=== round8b on-vm start 2026-10-07T15:53:43Z shard=D commit=52515f47b8956abf6b82c517b6a560a11242285e dirty=true jobs=16 mmin_n_procs=1 ===
OMP_NUM_THREADS 1
MMIN_N_PROCS 1
mmin cache h5 8185
warning: Not a git repository. Use --no-index to compare two paths outside a working tree
usage: git diff --no-index [<options>] <path> <path>

Diff output format options
    -p, --patch           generate patch
    -s, --no-patch        suppress diff output
    -u                    generate patch
    -U, --unified[=<n>]   generate diffs with <n> lines context
    -W, --function-context
                          generate diffs with <n> lines context
    --raw                 generate the diff in raw format
    --patch-with-raw      synonym for '-p --raw'
    --patch-with-stat     synonym for '-p --stat'
    --numstat             machine friendly --stat
    --shortstat           output only the last line of --stat
    -X, --dirstat[=<param1,param2>...]
                          output the distribution of relative amount of changes for each sub-directory
    --cumulative          synonym for --dirstat=cumulative
    --dirstat-by-file[=<param1,param2>...]
                          synonym for --dirstat=files,param1,param2...
    --check               warn if changes introduce conflict markers or whitespace errors
    --summary             condensed summary such as creations, renames and mode changes
    --name-only           show only names of changed files
    --name-status         show only names and status of changed files
    --stat[=<width>[,<name-width>[,<count>]]]
                          generate diffstat
    --stat-width <width>  generate diffstat with a given width
    --stat-name-width <width>
                          generate diffstat with a given name width
    --stat-graph-width <width>
                          generate diffstat with a given graph width
    --stat-count <count>  generate diffstat with limited lines
    --compact-summary     generate compact summary in diffstat
    --binary              output a binary diff that can be applied
    --full-index          show full pre- and post-image object names on the "index" lines
    --color[=<when>]      show colored diff
    --ws-error-highlight <kind>
                          highlight whitespace errors in the 'context', 'old' or 'new' lines in the diff
    -z                    do not munge pathnames and use NULs as output field terminators in --raw or --numstat
    --abbrev[=<n>]        use <n> digits to display object names
    --src-prefix <prefix>
                          show the given source prefix instead of "a/"
    --dst-prefix <prefix>
                          show the given destination prefix instead of "b/"
    --line-prefix <prefix>
                          prepend an additional prefix to every line of output
    --no-prefix           do not show any source or destination prefix
    --inter-hunk-context <n>
                          show context between diff hunks up to the specified number of lines
    --output-indicator-new <char>
                          specify the character to indicate a new line instead of '+'
    --output-indicator-old <char>
                          specify the character to indicate an old line instead of '-'
    --output-indicator-context <char>
                          specify the character to indicate a context instead of ' '

Diff rename options
    -B, --break-rewrites[=<n>[/<m>]]
                          break complete rewrite changes into pairs of delete and create
    -M, --find-renames[=<n>]
                          detect renames
    -D, --irreversible-delete
                          omit the preimage for deletes
    -C, --find-copies[=<n>]
                          detect copies
    --find-copies-harder  use unmodified files as source to find copies
    --no-renames          disable rename detection
    --rename-empty        use empty blobs as rename source
    --follow              continue listing the history of a file beyond renames
    -l <n>                prevent rename/copy detection if the number of rename/copy targets exceeds given limit

Diff algorithm options
    --minimal             produce the smallest possible diff
    -w, --ignore-all-space
                          ignore whitespace when comparing lines
    -b, --ignore-space-change
                          ignore changes in amount of whitespace
    --ignore-space-at-eol
                          ignore changes in whitespace at EOL
    --ignore-cr-at-eol    ignore carrier-return at the end of line
    --ignore-blank-lines  ignore changes whose lines are all blank
    -I, --ignore-matching-lines <regex>
                          ignore changes whose all lines match <regex>
    --indent-heuristic    heuristic to shift diff hunk boundaries for easy reading
    --patience            generate diff using the "patience diff" algorithm
    --histogram           generate diff using the "histogram diff" algorithm
    --diff-algorithm <algorithm>
                          choose a diff algorithm
    --anchored <text>     generate diff using the "anchored diff" algorithm
    --word-diff[=<mode>]  show word diff, using <mode> to delimit changed words
    --word-diff-regex <regex>
                          use <regex> to decide what a word is
    --color-words[=<regex>]
                          equivalent to --word-diff=color --word-diff-regex=<regex>
    --color-moved[=<mode>]
                          moved lines of code are colored differently
    --color-moved-ws <mode>
                          how white spaces are ignored in --color-moved

Other diff options
    --relative[=<prefix>]
                          when run from subdir, exclude changes outside and show relative paths
    -a, --text            treat all files as text
    -R                    swap two inputs, reverse the diff
    --exit-code           exit with 1 if there were differences, 0 otherwise
    --quiet               disable all output of the program
    --ext-diff            allow an external diff helper to be executed
    --textconv            run external text conversion filters when comparing binary files
    --ignore-submodules[=<when>]
                          ignore changes to submodules in the diff generation
    --submodule[=<format>]
                          specify how differences in submodules are shown
    --ita-invisible-in-index
                          hide 'git add -N' entries from the index
    --ita-visible-in-index
                          treat 'git add -N' entries as real in the index
    -S <string>           look for differences that change the number of occurrences of the specified string
    -G <regex>            look for differences that change the number of occurrences of the specified regex
    --pickaxe-all         show all changes in the changeset with -S or -G
    --pickaxe-regex       treat <string> in -S as extended POSIX regular expression
    -O <file>             control the order in which files appear in the output
    --rotate-to <path>    show the change in the specified path first
    --skip-to <path>      skip the output to the specified path
    --find-object <object-id>
                          look for differences that change the number of occurrences of the specified object
    --diff-filter [(A|C|D|M|R|T|U|X|B)...[*]]
                          select files by diff type
    --output <file>       Output to a specific file

=== round8b shard=D jobs=16 commit=52515f47b8956abf6b82c517b6a560a11242285e dirty=true ===
[D] 18 A-point jobs × 16 workers
segment spacing 0.07616 m exceeds 0.25*r_d = 0.0375 m; consider a larger n_s or r_d
segment spacing 0.07616 m exceeds 0.25*r_d = 0.0375 m; consider a larger n_s or r_d
segment spacing 0.07616 m exceeds 0.25*r_d = 0.0375 m; consider a larger n_s or r_d
segment spacing 0.07616 m exceeds 0.25*r_d = 0.0375 m; consider a larger n_s or r_d
  point A D v0=20.0 a=0.50 s=2.269 cpu=0s
  point A D v0=20.0 a=0.00 s=0.5023 cpu=0s
segment spacing 0.07616 m exceeds 0.25*r_d = 0.0375 m; consider a larger n_s or r_d
  point A D v0=15.0 a=0.25 s=1.181 cpu=0s
  point A D v0=20.0 a=0.25 s=2.087 cpu=0s
  point A D v0=10.0 a=0.25 s=0.5023 cpu=0s
  point A D v0=10.0 a=0.50 s=0.5444 cpu=0s
  point A D v0=10.0 a=0.70 s=0.6676 cpu=0s
segment spacing 0.07616 m exceeds 0.25*r_d = 0.0375 m; consider a larger n_s or r_d
  point A D v0=15.0 a=0.00 s=0.288 cpu=0s
  point A D v0=10.0 a=0.00 s=0.1337 cpu=0s
  point A D v0=15.0 a=0.50 s=1.232 cpu=0s
  point A D v0=10.0 a=0.60 s=0.6222 cpu=0s
  point A D v0=10.0 a=0.80 s=0.6806 cpu=0s
segment spacing 0.07616 m exceeds 0.25*r_d = 0.0375 m; consider a larger n_s or r_d
segment spacing 0.07616 m exceeds 0.25*r_d = 0.0375 m; consider a larger n_s or r_d
segment spacing 0.07616 m exceeds 0.25*r_d = 0.0375 m; consider a larger n_s or r_d
segment spacing 0.07616 m exceeds 0.25*r_d = 0.0375 m; consider a larger n_s or r_d
segment spacing 0.07616 m exceeds 0.25*r_d = 0.0375 m; consider a larger n_s or r_d
segment spacing 0.07616 m exceeds 0.25*r_d = 0.0375 m; consider a larger n_s or r_d
segment spacing 0.07616 m exceeds 0.25*r_d = 0.0375 m; consider a larger n_s or r_d
segment spacing 0.07616 m exceeds 0.25*r_d = 0.0375 m; consider a larger n_s or r_d
segment spacing 0.07616 m exceeds 0.25*r_d = 0.0375 m; consider a larger n_s or r_d
segment spacing 0.07616 m exceeds 0.25*r_d = 0.0375 m; consider a larger n_s or r_d
segment spacing 0.07616 m exceeds 0.25*r_d = 0.0375 m; consider a larger n_s or r_d
segment spacing 0.07616 m exceeds 0.25*r_d = 0.0375 m; consider a larger n_s or r_d
segment spacing 0.07616 m exceeds 0.25*r_d = 0.0375 m; consider a larger n_s or r_d
segment spacing 0.07616 m exceeds 0.25*r_d = 0.0375 m; consider a larger n_s or r_d
segment spacing 0.07616 m exceeds 0.25*r_d = 0.0375 m; consider a larger n_s or r_d
segment spacing 0.07616 m exceeds 0.25*r_d = 0.0375 m; consider a larger n_s or r_d
segment spacing 0.07616 m exceeds 0.25*r_d = 0.0375 m; consider a larger n_s or r_d
segment spacing 0.07616 m exceeds 0.25*r_d = 0.0375 m; consider a larger n_s or r_d
segment spacing 0.07616 m exceeds 0.25*r_d = 0.0375 m; consider a larger n_s or r_d
segment spacing 0.07616 m exceeds 0.25*r_d = 0.0375 m; consider a larger n_s or r_d
segment spacing 0.07616 m exceeds 0.25*r_d = 0.0375 m; consider a larger n_s or r_d
segment spacing 0.07616 m exceeds 0.25*r_d = 0.0375 m; consider a larger n_s or r_d
segment spacing 0.07616 m exceeds 0.25*r_d = 0.0375 m; consider a larger n_s or r_d
segment spacing 0.07616 m exceeds 0.25*r_d = 0.0375 m; consider a larger n_s or r_d
segment spacing 0.07616 m exceeds 0.25*r_d = 0.0375 m; consider a larger n_s or r_d
segment spacing 0.07616 m exceeds 0.25*r_d = 0.0375 m; consider a larger n_s or r_d
segment spacing 0.07616 m exceeds 0.25*r_d = 0.0375 m; consider a larger n_s or r_d
  point A D v0=20.0 a=0.80 s=2.748 cpu=503s
segment spacing 0.07616 m exceeds 0.25*r_d = 0.0375 m; consider a larger n_s or r_d
segment spacing 0.07616 m exceeds 0.25*r_d = 0.0375 m; consider a larger n_s or r_d
segment spacing 0.07616 m exceeds 0.25*r_d = 0.0375 m; consider a larger n_s or r_d
segment spacing 0.07616 m exceeds 0.25*r_d = 0.0375 m; consider a larger n_s or r_d
segment spacing 0.07616 m exceeds 0.25*r_d = 0.0375 m; consider a larger n_s or r_d
segment spacing 0.07616 m exceeds 0.25*r_d = 0.0375 m; consider a larger n_s or r_d
segment spacing 0.07616 m exceeds 0.25*r_d = 0.0375 m; consider a larger n_s or r_d
segment spacing 0.07616 m exceeds 0.25*r_d = 0.0375 m; consider a larger n_s or r_d
  point A D v0=20.0 a=0.70 s=2.619 cpu=577s
segment spacing 0.07616 m exceeds 0.25*r_d = 0.0375 m; consider a larger n_s or r_d
segment spacing 0.07616 m exceeds 0.25*r_d = 0.0375 m; consider a larger n_s or r_d
segment spacing 0.07616 m exceeds 0.25*r_d = 0.0375 m; consider a larger n_s or r_d
segment spacing 0.07616 m exceeds 0.25*r_d = 0.0375 m; consider a larger n_s or r_d
segment spacing 0.07616 m exceeds 0.25*r_d = 0.0375 m; consider a larger n_s or r_d
segment spacing 0.07616 m exceeds 0.25*r_d = 0.0375 m; consider a larger n_s or r_d
segment spacing 0.07616 m exceeds 0.25*r_d = 0.0375 m; consider a larger n_s or r_d
segment spacing 0.07616 m exceeds 0.25*r_d = 0.0375 m; consider a larger n_s or r_d
segment spacing 0.07616 m exceeds 0.25*r_d = 0.0375 m; consider a larger n_s or r_d
segment spacing 0.07616 m exceeds 0.25*r_d = 0.0375 m; consider a larger n_s or r_d
segment spacing 0.07616 m exceeds 0.25*r_d = 0.0375 m; consider a larger n_s or r_d
  point A D v0=15.0 a=0.80 s=1.517 cpu=769s
segment spacing 0.07616 m exceeds 0.25*r_d = 0.0375 m; consider a larger n_s or r_d
segment spacing 0.07616 m exceeds 0.25*r_d = 0.0375 m; consider a larger n_s or r_d
segment spacing 0.07616 m exceeds 0.25*r_d = 0.0375 m; consider a larger n_s or r_d
segment spacing 0.07616 m exceeds 0.25*r_d = 0.0375 m; consider a larger n_s or r_d
segment spacing 0.07616 m exceeds 0.25*r_d = 0.0375 m; consider a larger n_s or r_d
  point A D v0=20.0 a=0.60 s=2.476 cpu=843s
segment spacing 0.07616 m exceeds 0.25*r_d = 0.0375 m; consider a larger n_s or r_d
segment spacing 0.07616 m exceeds 0.25*r_d = 0.0375 m; consider a larger n_s or r_d
segment spacing 0.07616 m exceeds 0.25*r_d = 0.0375 m; consider a larger n_s or r_d
segment spacing 0.07616 m exceeds 0.25*r_d = 0.0375 m; consider a larger n_s or r_d
segment spacing 0.07616 m exceeds 0.25*r_d = 0.0375 m; consider a larger n_s or r_d
segment spacing 0.07616 m exceeds 0.25*r_d = 0.0375 m; consider a larger n_s or r_d
  point A D v0=15.0 a=0.70 s=1.473 cpu=918s
segment spacing 0.07616 m exceeds 0.25*r_d = 0.0375 m; consider a larger n_s or r_d
segment spacing 0.07616 m exceeds 0.25*r_d = 0.0375 m; consider a larger n_s or r_d
segment spacing 0.07616 m exceeds 0.25*r_d = 0.0375 m; consider a larger n_s or r_d
segment spacing 0.07616 m exceeds 0.25*r_d = 0.0375 m; consider a larger n_s or r_d
segment spacing 0.07616 m exceeds 0.25*r_d = 0.0375 m; consider a larger n_s or r_d
  point A D v0=15.0 a=0.60 s=1.4 cpu=1481s
[D] 72 B-point jobs × 16 workers (s_cap from A)
segment spacing 0.07616 m exceeds 0.25*r_d = 0.0375 m; consider a larger n_s or r_d
segment spacing 0.07616 m exceeds 0.25*r_d = 0.0375 m; consider a larger n_s or r_d
  point Bloc025 D v0=10.0 a=0.25 s=0.505 cpu=0s
segment spacing 0.07616 m exceeds 0.25*r_d = 0.0375 m; consider a larger n_s or r_d
  point Bloc050 D v0=10.0 a=0.25 s=0.505 cpu=0s
  point Bany D v0=10.0 a=0.25 s=0.505 cpu=0s
  point Bany D v0=10.0 a=0.00 s=0.1339 cpu=0s
  point Bloc025 D v0=10.0 a=0.00 s=0.1339 cpu=0s
  point Bloc050 D v0=10.0 a=0.00 s=0.1339 cpu=0s
  point Bany D v0=10.0 a=0.50 s=0.1372 cpu=0s
  point Bloc025 D v0=10.0 a=0.50 s=0.1592 cpu=0s
  point Bloc050 D v0=10.0 a=0.50 s=0.1592 cpu=0s
  point Bloc075 D v0=10.0 a=0.00 s=0.1339 cpu=0s
  point Bloc075 D v0=10.0 a=0.25 s=0.505 cpu=0s
  point Bloc075 D v0=10.0 a=0.50 s=0.1525 cpu=0s
segment spacing 0.07616 m exceeds 0.25*r_d = 0.0375 m; consider a larger n_s or r_d
  point Bany D v0=15.0 a=0.00 s=0.2879 cpu=0s
  point Bany D v0=15.0 a=0.25 s=1.136 cpu=0s
segment spacing 0.07616 m exceeds 0.25*r_d = 0.0375 m; consider a larger n_s or r_d
segment spacing 0.07616 m exceeds 0.25*r_d = 0.0375 m; consider a larger n_s or r_d
  point Bany D v0=15.0 a=0.50 s=0.3278 cpu=0s
  point Bloc025 D v0=15.0 a=0.00 s=0.2879 cpu=0s
  point Bloc025 D v0=15.0 a=0.25 s=1.174 cpu=0s
  point Bloc025 D v0=15.0 a=0.50 s=0.4553 cpu=0s
segment spacing 0.07616 m exceeds 0.25*r_d = 0.0375 m; consider a larger n_s or r_d
segment spacing 0.07616 m exceeds 0.25*r_d = 0.0375 m; consider a larger n_s or r_d
segment spacing 0.07616 m exceeds 0.25*r_d = 0.0375 m; consider a larger n_s or r_d
segment spacing 0.07616 m exceeds 0.25*r_d = 0.0375 m; consider a larger n_s or r_d
segment spacing 0.07616 m exceeds 0.25*r_d = 0.0375 m; consider a larger n_s or r_d
segment spacing 0.07616 m exceeds 0.25*r_d = 0.0375 m; consider a larger n_s or r_d
segment spacing 0.07616 m exceeds 0.25*r_d = 0.0375 m; consider a larger n_s or r_d
segment spacing 0.07616 m exceeds 0.25*r_d = 0.0375 m; consider a larger n_s or r_d
segment spacing 0.07616 m exceeds 0.25*r_d = 0.0375 m; consider a larger n_s or r_d
segment spacing 0.07616 m exceeds 0.25*r_d = 0.0375 m; consider a larger n_s or r_d
segment spacing 0.07616 m exceeds 0.25*r_d = 0.0375 m; consider a larger n_s or r_d
segment spacing 0.07616 m exceeds 0.25*r_d = 0.0375 m; consider a larger n_s or r_d
segment spacing 0.07616 m exceeds 0.25*r_d = 0.0375 m; consider a larger n_s or r_d
segment spacing 0.07616 m exceeds 0.25*r_d = 0.0375 m; consider a larger n_s or r_d
segment spacing 0.07616 m exceeds 0.25*r_d = 0.0375 m; consider a larger n_s or r_d
segment spacing 0.07616 m exceeds 0.25*r_d = 0.0375 m; consider a larger n_s or r_d
segment spacing 0.07616 m exceeds 0.25*r_d = 0.0375 m; consider a larger n_s or r_d
segment spacing 0.07616 m exceeds 0.25*r_d = 0.0375 m; consider a larger n_s or r_d
segment spacing 0.07616 m exceeds 0.25*r_d = 0.0375 m; consider a larger n_s or r_d
segment spacing 0.07616 m exceeds 0.25*r_d = 0.0375 m; consider a larger n_s or r_d
segment spacing 0.07616 m exceeds 0.25*r_d = 0.0375 m; consider a larger n_s or r_d
segment spacing 0.07616 m exceeds 0.25*r_d = 0.0375 m; consider a larger n_s or r_d
segment spacing 0.07616 m exceeds 0.25*r_d = 0.0375 m; consider a larger n_s or r_d
segment spacing 0.07616 m exceeds 0.25*r_d = 0.0375 m; consider a larger n_s or r_d
segment spacing 0.07616 m exceeds 0.25*r_d = 0.0375 m; consider a larger n_s or r_d
segment spacing 0.07616 m exceeds 0.25*r_d = 0.0375 m; consider a larger n_s or r_d
segment spacing 0.07616 m exceeds 0.25*r_d = 0.0375 m; consider a larger n_s or r_d
segment spacing 0.07616 m exceeds 0.25*r_d = 0.0375 m; consider a larger n_s or r_d
segment spacing 0.07616 m exceeds 0.25*r_d = 0.0375 m; consider a larger n_s or r_d
segment spacing 0.07616 m exceeds 0.25*r_d = 0.0375 m; consider a larger n_s or r_d
segment spacing 0.07616 m exceeds 0.25*r_d = 0.0375 m; consider a larger n_s or r_d
segment spacing 0.07616 m exceeds 0.25*r_d = 0.0375 m; consider a larger n_s or r_d
segment spacing 0.07616 m exceeds 0.25*r_d = 0.0375 m; consider a larger n_s or r_d
segment spacing 0.07616 m exceeds 0.25*r_d = 0.0375 m; consider a larger n_s or r_d
segment spacing 0.07616 m exceeds 0.25*r_d = 0.0375 m; consider a larger n_s or r_d
segment spacing 0.07616 m exceeds 0.25*r_d = 0.0375 m; consider a larger n_s or r_d
segment spacing 0.07616 m exceeds 0.25*r_d = 0.0375 m; consider a larger n_s or r_d
segment spacing 0.07616 m exceeds 0.25*r_d = 0.0375 m; consider a larger n_s or r_d
segment spacing 0.07616 m exceeds 0.25*r_d = 0.0375 m; consider a larger n_s or r_d
segment spacing 0.07616 m exceeds 0.25*r_d = 0.0375 m; consider a larger n_s or r_d
segment spacing 0.07616 m exceeds 0.25*r_d = 0.0375 m; consider a larger n_s or r_d
segment spacing 0.07616 m exceeds 0.25*r_d = 0.0375 m; consider a larger n_s or r_d
segment spacing 0.07616 m exceeds 0.25*r_d = 0.0375 m; consider a larger n_s or r_d
segment spacing 0.07616 m exceeds 0.25*r_d = 0.0375 m; consider a larger n_s or r_d
segment spacing 0.07616 m exceeds 0.25*r_d = 0.0375 m; consider a larger n_s or r_d
segment spacing 0.07616 m exceeds 0.25*r_d = 0.0375 m; consider a larger n_s or r_d
segment spacing 0.07616 m exceeds 0.25*r_d = 0.0375 m; consider a larger n_s or r_d
segment spacing 0.07616 m exceeds 0.25*r_d = 0.0375 m; consider a larger n_s or r_d
segment spacing 0.07616 m exceeds 0.25*r_d = 0.0375 m; consider a larger n_s or r_d
segment spacing 0.07616 m exceeds 0.25*r_d = 0.0375 m; consider a larger n_s or r_d
segment spacing 0.07616 m exceeds 0.25*r_d = 0.0375 m; consider a larger n_s or r_d
segment spacing 0.07616 m exceeds 0.25*r_d = 0.0375 m; consider a larger n_s or r_d
segment spacing 0.07616 m exceeds 0.25*r_d = 0.0375 m; consider a larger n_s or r_d
segment spacing 0.07616 m exceeds 0.25*r_d = 0.0375 m; consider a larger n_s or r_d
segment spacing 0.07616 m exceeds 0.25*r_d = 0.0375 m; consider a larger n_s or r_d
segment spacing 0.07616 m exceeds 0.25*r_d = 0.0375 m; consider a larger n_s or r_d
segment spacing 0.07616 m exceeds 0.25*r_d = 0.0375 m; consider a larger n_s or r_d
segment spacing 0.07616 m exceeds 0.25*r_d = 0.0375 m; consider a larger n_s or r_d
segment spacing 0.07616 m exceeds 0.25*r_d = 0.0375 m; consider a larger n_s or r_d
segment spacing 0.07616 m exceeds 0.25*r_d = 0.0375 m; consider a larger n_s or r_d
segment spacing 0.07616 m exceeds 0.25*r_d = 0.0375 m; consider a larger n_s or r_d
segment spacing 0.07616 m exceeds 0.25*r_d = 0.0375 m; consider a larger n_s or r_d
segment spacing 0.07616 m exceeds 0.25*r_d = 0.0375 m; consider a larger n_s or r_d
segment spacing 0.07616 m exceeds 0.25*r_d = 0.0375 m; consider a larger n_s or r_d
segment spacing 0.07616 m exceeds 0.25*r_d = 0.0375 m; consider a larger n_s or r_d
segment spacing 0.07616 m exceeds 0.25*r_d = 0.0375 m; consider a larger n_s or r_d
segment spacing 0.07616 m exceeds 0.25*r_d = 0.0375 m; consider a larger n_s or r_d
segment spacing 0.07616 m exceeds 0.25*r_d = 0.0375 m; consider a larger n_s or r_d
segment spacing 0.07616 m exceeds 0.25*r_d = 0.0375 m; consider a larger n_s or r_d
segment spacing 0.07616 m exceeds 0.25*r_d = 0.0375 m; consider a larger n_s or r_d
segment spacing 0.07616 m exceeds 0.25*r_d = 0.0375 m; consider a larger n_s or r_d
segment spacing 0.07616 m exceeds 0.25*r_d = 0.0375 m; consider a larger n_s or r_d
segment spacing 0.07616 m exceeds 0.25*r_d = 0.0375 m; consider a larger n_s or r_d
segment spacing 0.07616 m exceeds 0.25*r_d = 0.0375 m; consider a larger n_s or r_d
segment spacing 0.07616 m exceeds 0.25*r_d = 0.0375 m; consider a larger n_s or r_d
segment spacing 0.07616 m exceeds 0.25*r_d = 0.0375 m; consider a larger n_s or r_d
segment spacing 0.07616 m exceeds 0.25*r_d = 0.0375 m; consider a larger n_s or r_d
segment spacing 0.07616 m exceeds 0.25*r_d = 0.0375 m; consider a larger n_s or r_d
segment spacing 0.07616 m exceeds 0.25*r_d = 0.0375 m; consider a larger n_s or r_d
segment spacing 0.07616 m exceeds 0.25*r_d = 0.0375 m; consider a larger n_s or r_d
segment spacing 0.07616 m exceeds 0.25*r_d = 0.0375 m; consider a larger n_s or r_d
segment spacing 0.07616 m exceeds 0.25*r_d = 0.0375 m; consider a larger n_s or r_d
segment spacing 0.07616 m exceeds 0.25*r_d = 0.0375 m; consider a larger n_s or r_d
segment spacing 0.07616 m exceeds 0.25*r_d = 0.0375 m; consider a larger n_s or r_d
segment spacing 0.07616 m exceeds 0.25*r_d = 0.0375 m; consider a larger n_s or r_d
segment spacing 0.07616 m exceeds 0.25*r_d = 0.0375 m; consider a larger n_s or r_d
  point Bloc025 D v0=15.0 a=0.60 s=0.4096 cpu=4274s
segment spacing 0.07616 m exceeds 0.25*r_d = 0.0375 m; consider a larger n_s or r_d
segment spacing 0.07616 m exceeds 0.25*r_d = 0.0375 m; consider a larger n_s or r_d
segment spacing 0.07616 m exceeds 0.25*r_d = 0.0375 m; consider a larger n_s or r_d
segment spacing 0.07616 m exceeds 0.25*r_d = 0.0375 m; consider a larger n_s or r_d
segment spacing 0.07616 m exceeds 0.25*r_d = 0.0375 m; consider a larger n_s or r_d
segment spacing 0.07616 m exceeds 0.25*r_d = 0.0375 m; consider a larger n_s or r_d
segment spacing 0.07616 m exceeds 0.25*r_d = 0.0375 m; consider a larger n_s or r_d
  point Bany D v0=15.0 a=0.80 s=0.3012 cpu=4508s
  point Bloc025 D v0=15.0 a=0.80 s=0.3012 cpu=0s
  point Bloc050 D v0=15.0 a=0.00 s=0.2879 cpu=0s
  point Bloc050 D v0=15.0 a=0.25 s=1.174 cpu=0s
  point Bloc050 D v0=15.0 a=0.50 s=0.3449 cpu=0s
  point Bloc050 D v0=15.0 a=0.60 s=0.4096 cpu=0s
segment spacing 0.07616 m exceeds 0.25*r_d = 0.0375 m; consider a larger n_s or r_d
segment spacing 0.07616 m exceeds 0.25*r_d = 0.0375 m; consider a larger n_s or r_d
segment spacing 0.07616 m exceeds 0.25*r_d = 0.0375 m; consider a larger n_s or r_d
segment spacing 0.07616 m exceeds 0.25*r_d = 0.0375 m; consider a larger n_s or r_d
segment spacing 0.07616 m exceeds 0.25*r_d = 0.0375 m; consider a larger n_s or r_d
segment spacing 0.07616 m exceeds 0.25*r_d = 0.0375 m; consider a larger n_s or r_d
segment spacing 0.07616 m exceeds 0.25*r_d = 0.0375 m; consider a larger n_s or r_d
segment spacing 0.07616 m exceeds 0.25*r_d = 0.0375 m; consider a larger n_s or r_d
  point Bany D v0=10.0 a=0.60 s=0.182 cpu=4699s
  point Bloc025 D v0=10.0 a=0.60 s=0.1837 cpu=4699s
  point Bloc050 D v0=10.0 a=0.60 s=0.1837 cpu=4699s
  point Bloc075 D v0=10.0 a=0.60 s=0.182 cpu=4699s
  point Bloc075 D v0=15.0 a=0.00 s=0.2879 cpu=0s
  point Bloc075 D v0=15.0 a=0.50 s=0.3354 cpu=0s
  point Bloc075 D v0=15.0 a=0.25 s=1.136 cpu=0s
  point Bloc050 D v0=15.0 a=0.80 s=0.3012 cpu=0s
  point Bany D v0=20.0 a=0.00 s=0.505 cpu=0s
  point Bloc075 D v0=15.0 a=0.80 s=0.3012 cpu=0s
  point Bany D v0=20.0 a=0.25 s=2.047 cpu=0s
  point Bany D v0=20.0 a=0.50 s=0.6166 cpu=0s
segment spacing 0.07616 m exceeds 0.25*r_d = 0.0375 m; consider a larger n_s or r_d
segment spacing 0.07616 m exceeds 0.25*r_d = 0.0375 m; consider a larger n_s or r_d
segment spacing 0.07616 m exceeds 0.25*r_d = 0.0375 m; consider a larger n_s or r_d
segment spacing 0.07616 m exceeds 0.25*r_d = 0.0375 m; consider a larger n_s or r_d
segment spacing 0.07616 m exceeds 0.25*r_d = 0.0375 m; consider a larger n_s or r_d
  point Bany D v0=15.0 a=0.60 s=0.402 cpu=4749s
  point Bloc075 D v0=15.0 a=0.60 s=0.402 cpu=51s
segment spacing 0.07616 m exceeds 0.25*r_d = 0.0375 m; consider a larger n_s or r_d
  point Bloc025 D v0=20.0 a=0.00 s=0.505 cpu=0s
  point Bloc025 D v0=20.0 a=0.25 s=2.088 cpu=0s
  point Bloc025 D v0=20.0 a=0.50 s=0.6707 cpu=0s
segment spacing 0.07616 m exceeds 0.25*r_d = 0.0375 m; consider a larger n_s or r_d
segment spacing 0.07616 m exceeds 0.25*r_d = 0.0375 m; consider a larger n_s or r_d
segment spacing 0.07616 m exceeds 0.25*r_d = 0.0375 m; consider a larger n_s or r_d
segment spacing 0.07616 m exceeds 0.25*r_d = 0.0375 m; consider a larger n_s or r_d
segment spacing 0.07616 m exceeds 0.25*r_d = 0.0375 m; consider a larger n_s or r_d
segment spacing 0.07616 m exceeds 0.25*r_d = 0.0375 m; consider a larger n_s or r_d
segment spacing 0.07616 m exceeds 0.25*r_d = 0.0375 m; consider a larger n_s or r_d
segment spacing 0.07616 m exceeds 0.25*r_d = 0.0375 m; consider a larger n_s or r_d
segment spacing 0.07616 m exceeds 0.25*r_d = 0.0375 m; consider a larger n_s or r_d
segment spacing 0.07616 m exceeds 0.25*r_d = 0.0375 m; consider a larger n_s or r_d
segment spacing 0.07616 m exceeds 0.25*r_d = 0.0375 m; consider a larger n_s or r_d
segment spacing 0.07616 m exceeds 0.25*r_d = 0.0375 m; consider a larger n_s or r_d
segment spacing 0.07616 m exceeds 0.25*r_d = 0.0375 m; consider a larger n_s or r_d
segment spacing 0.07616 m exceeds 0.25*r_d = 0.0375 m; consider a larger n_s or r_d
segment spacing 0.07616 m exceeds 0.25*r_d = 0.0375 m; consider a larger n_s or r_d
segment spacing 0.07616 m exceeds 0.25*r_d = 0.0375 m; consider a larger n_s or r_d
segment spacing 0.07616 m exceeds 0.25*r_d = 0.0375 m; consider a larger n_s or r_d
segment spacing 0.07616 m exceeds 0.25*r_d = 0.0375 m; consider a larger n_s or r_d
segment spacing 0.07616 m exceeds 0.25*r_d = 0.0375 m; consider a larger n_s or r_d
segment spacing 0.07616 m exceeds 0.25*r_d = 0.0375 m; consider a larger n_s or r_d
segment spacing 0.07616 m exceeds 0.25*r_d = 0.0375 m; consider a larger n_s or r_d
segment spacing 0.07616 m exceeds 0.25*r_d = 0.0375 m; consider a larger n_s or r_d
segment spacing 0.07616 m exceeds 0.25*r_d = 0.0375 m; consider a larger n_s or r_d
segment spacing 0.07616 m exceeds 0.25*r_d = 0.0375 m; consider a larger n_s or r_d
segment spacing 0.07616 m exceeds 0.25*r_d = 0.0375 m; consider a larger n_s or r_d
segment spacing 0.07616 m exceeds 0.25*r_d = 0.0375 m; consider a larger n_s or r_d
segment spacing 0.07616 m exceeds 0.25*r_d = 0.0375 m; consider a larger n_s or r_d
segment spacing 0.07616 m exceeds 0.25*r_d = 0.0375 m; consider a larger n_s or r_d
segment spacing 0.07616 m exceeds 0.25*r_d = 0.0375 m; consider a larger n_s or r_d
segment spacing 0.07616 m exceeds 0.25*r_d = 0.0375 m; consider a larger n_s or r_d
segment spacing 0.07616 m exceeds 0.25*r_d = 0.0375 m; consider a larger n_s or r_d
segment spacing 0.07616 m exceeds 0.25*r_d = 0.0375 m; consider a larger n_s or r_d
segment spacing 0.07616 m exceeds 0.25*r_d = 0.0375 m; consider a larger n_s or r_d
segment spacing 0.07616 m exceeds 0.25*r_d = 0.0375 m; consider a larger n_s or r_d
segment spacing 0.07616 m exceeds 0.25*r_d = 0.0375 m; consider a larger n_s or r_d
segment spacing 0.07616 m exceeds 0.25*r_d = 0.0375 m; consider a larger n_s or r_d
segment spacing 0.07616 m exceeds 0.25*r_d = 0.0375 m; consider a larger n_s or r_d
  point Bloc025 D v0=10.0 a=0.80 s=0.1355 cpu=5572s
  point Bloc050 D v0=10.0 a=0.80 s=0.1355 cpu=5572s
  point Bany D v0=10.0 a=0.80 s=0.1339 cpu=5572s
  point Bloc075 D v0=10.0 a=0.80 s=0.1339 cpu=5572s
  point Bloc050 D v0=20.0 a=0.00 s=0.505 cpu=0s
  point Bloc050 D v0=20.0 a=0.25 s=2.088 cpu=0s
  point Bloc050 D v0=20.0 a=0.50 s=0.6403 cpu=0s
segment spacing 0.07616 m exceeds 0.25*r_d = 0.0375 m; consider a larger n_s or r_d
segment spacing 0.07616 m exceeds 0.25*r_d = 0.0375 m; consider a larger n_s or r_d
segment spacing 0.07616 m exceeds 0.25*r_d = 0.0375 m; consider a larger n_s or r_d
segment spacing 0.07616 m exceeds 0.25*r_d = 0.0375 m; consider a larger n_s or r_d
segment spacing 0.07616 m exceeds 0.25*r_d = 0.0375 m; consider a larger n_s or r_d
segment spacing 0.07616 m exceeds 0.25*r_d = 0.0375 m; consider a larger n_s or r_d
segment spacing 0.07616 m exceeds 0.25*r_d = 0.0375 m; consider a larger n_s or r_d
  point Bany D v0=15.0 a=0.70 s=0.4172 cpu=5927s
  point Bloc025 D v0=15.0 a=0.70 s=0.421 cpu=1653s
  point Bloc050 D v0=15.0 a=0.70 s=0.421 cpu=1418s
  point Bloc075 D v0=15.0 a=0.70 s=0.4172 cpu=1228s
  point Bloc075 D v0=20.0 a=0.25 s=2.047 cpu=0s
  point Bloc075 D v0=20.0 a=0.50 s=0.6403 cpu=0s
  point Bloc075 D v0=20.0 a=0.00 s=0.505 cpu=0s
segment spacing 0.07616 m exceeds 0.25*r_d = 0.0375 m; consider a larger n_s or r_d
segment spacing 0.07616 m exceeds 0.25*r_d = 0.0375 m; consider a larger n_s or r_d
segment spacing 0.07616 m exceeds 0.25*r_d = 0.0375 m; consider a larger n_s or r_d
segment spacing 0.07616 m exceeds 0.25*r_d = 0.0375 m; consider a larger n_s or r_d
segment spacing 0.07616 m exceeds 0.25*r_d = 0.0375 m; consider a larger n_s or r_d
segment spacing 0.07616 m exceeds 0.25*r_d = 0.0375 m; consider a larger n_s or r_d
segment spacing 0.07616 m exceeds 0.25*r_d = 0.0375 m; consider a larger n_s or r_d
segment spacing 0.07616 m exceeds 0.25*r_d = 0.0375 m; consider a larger n_s or r_d
segment spacing 0.07616 m exceeds 0.25*r_d = 0.0375 m; consider a larger n_s or r_d
segment spacing 0.07616 m exceeds 0.25*r_d = 0.0375 m; consider a larger n_s or r_d
segment spacing 0.07616 m exceeds 0.25*r_d = 0.0375 m; consider a larger n_s or r_d
segment spacing 0.07616 m exceeds 0.25*r_d = 0.0375 m; consider a larger n_s or r_d
  point Bany D v0=10.0 a=0.70 s=0.1888 cpu=6383s
  point Bloc075 D v0=10.0 a=0.70 s=0.1888 cpu=6383s
  point Bloc025 D v0=10.0 a=0.70 s=0.1922 cpu=6384s
  point Bloc050 D v0=10.0 a=0.70 s=0.1922 cpu=6384s
segment spacing 0.07616 m exceeds 0.25*r_d = 0.0375 m; consider a larger n_s or r_d
segment spacing 0.07616 m exceeds 0.25*r_d = 0.0375 m; consider a larger n_s or r_d
segment spacing 0.07616 m exceeds 0.25*r_d = 0.0375 m; consider a larger n_s or r_d
segment spacing 0.07616 m exceeds 0.25*r_d = 0.0375 m; consider a larger n_s or r_d
segment spacing 0.07616 m exceeds 0.25*r_d = 0.0375 m; consider a larger n_s or r_d
segment spacing 0.07616 m exceeds 0.25*r_d = 0.0375 m; consider a larger n_s or r_d
segment spacing 0.07616 m exceeds 0.25*r_d = 0.0375 m; consider a larger n_s or r_d
segment spacing 0.07616 m exceeds 0.25*r_d = 0.0375 m; consider a larger n_s or r_d
segment spacing 0.07616 m exceeds 0.25*r_d = 0.0375 m; consider a larger n_s or r_d
segment spacing 0.07616 m exceeds 0.25*r_d = 0.0375 m; consider a larger n_s or r_d
segment spacing 0.07616 m exceeds 0.25*r_d = 0.0375 m; consider a larger n_s or r_d
segment spacing 0.07616 m exceeds 0.25*r_d = 0.0375 m; consider a larger n_s or r_d
segment spacing 0.07616 m exceeds 0.25*r_d = 0.0375 m; consider a larger n_s or r_d
segment spacing 0.07616 m exceeds 0.25*r_d = 0.0375 m; consider a larger n_s or r_d
segment spacing 0.07616 m exceeds 0.25*r_d = 0.0375 m; consider a larger n_s or r_d
segment spacing 0.07616 m exceeds 0.25*r_d = 0.0375 m; consider a larger n_s or r_d
segment spacing 0.07616 m exceeds 0.25*r_d = 0.0375 m; consider a larger n_s or r_d
segment spacing 0.07616 m exceeds 0.25*r_d = 0.0375 m; consider a larger n_s or r_d
segment spacing 0.07616 m exceeds 0.25*r_d = 0.0375 m; consider a larger n_s or r_d
segment spacing 0.07616 m exceeds 0.25*r_d = 0.0375 m; consider a larger n_s or r_d
segment spacing 0.07616 m exceeds 0.25*r_d = 0.0375 m; consider a larger n_s or r_d
segment spacing 0.07616 m exceeds 0.25*r_d = 0.0375 m; consider a larger n_s or r_d
segment spacing 0.07616 m exceeds 0.25*r_d = 0.0375 m; consider a larger n_s or r_d
segment spacing 0.07616 m exceeds 0.25*r_d = 0.0375 m; consider a larger n_s or r_d
segment spacing 0.07616 m exceeds 0.25*r_d = 0.0375 m; consider a larger n_s or r_d
segment spacing 0.07616 m exceeds 0.25*r_d = 0.0375 m; consider a larger n_s or r_d
segment spacing 0.07616 m exceeds 0.25*r_d = 0.0375 m; consider a larger n_s or r_d
segment spacing 0.07616 m exceeds 0.25*r_d = 0.0375 m; consider a larger n_s or r_d
segment spacing 0.07616 m exceeds 0.25*r_d = 0.0375 m; consider a larger n_s or r_d
  point Bloc025 D v0=20.0 a=0.80 s=0.5354 cpu=2313s
  point Bloc050 D v0=20.0 a=0.80 s=0.5354 cpu=1958s
segment spacing 0.07616 m exceeds 0.25*r_d = 0.0375 m; consider a larger n_s or r_d
segment spacing 0.07616 m exceeds 0.25*r_d = 0.0375 m; consider a larger n_s or r_d
segment spacing 0.07616 m exceeds 0.25*r_d = 0.0375 m; consider a larger n_s or r_d
segment spacing 0.07616 m exceeds 0.25*r_d = 0.0375 m; consider a larger n_s or r_d
segment spacing 0.07616 m exceeds 0.25*r_d = 0.0375 m; consider a larger n_s or r_d
  point Bloc025 D v0=20.0 a=0.60 s=0.7282 cpu=3236s
  point Bany D v0=20.0 a=0.60 s=0.7147 cpu=3287s
  point Bloc050 D v0=20.0 a=0.60 s=0.7147 cpu=2414s
  point Bloc075 D v0=20.0 a=0.60 s=0.7147 cpu=2059s
segment spacing 0.07616 m exceeds 0.25*r_d = 0.0375 m; consider a larger n_s or r_d
  point Bany D v0=20.0 a=0.80 s=0.5118 cpu=3637s
  point Bloc075 D v0=20.0 a=0.80 s=0.5118 cpu=2460s
segment spacing 0.07616 m exceeds 0.25*r_d = 0.0375 m; consider a larger n_s or r_d
segment spacing 0.07616 m exceeds 0.25*r_d = 0.0375 m; consider a larger n_s or r_d
segment spacing 0.07616 m exceeds 0.25*r_d = 0.0375 m; consider a larger n_s or r_d
segment spacing 0.07616 m exceeds 0.25*r_d = 0.0375 m; consider a larger n_s or r_d
segment spacing 0.07616 m exceeds 0.25*r_d = 0.0375 m; consider a larger n_s or r_d
segment spacing 0.07616 m exceeds 0.25*r_d = 0.0375 m; consider a larger n_s or r_d
segment spacing 0.07616 m exceeds 0.25*r_d = 0.0375 m; consider a larger n_s or r_d
segment spacing 0.07616 m exceeds 0.25*r_d = 0.0375 m; consider a larger n_s or r_d
  point Bany D v0=20.0 a=0.70 s=0.7349 cpu=5530s
  point Bloc075 D v0=20.0 a=0.70 s=0.7349 cpu=4302s
  point Bloc025 D v0=20.0 a=0.70 s=0.7485 cpu=4658s
  point Bloc050 D v0=20.0 a=0.70 s=0.7485 cpu=4657s
segment spacing 0.07616 m exceeds 0.25*r_d = 0.0375 m; consider a larger n_s or r_d
segment spacing 0.07616 m exceeds 0.25*r_d = 0.0375 m; consider a larger n_s or r_d
segment spacing 0.07616 m exceeds 0.25*r_d = 0.0375 m; consider a larger n_s or r_d
segment spacing 0.07616 m exceeds 0.25*r_d = 0.0375 m; consider a larger n_s or r_d
segment spacing 0.07616 m exceeds 0.25*r_d = 0.0375 m; consider a larger n_s or r_d
segment spacing 0.07616 m exceeds 0.25*r_d = 0.0375 m; consider a larger n_s or r_d
segment spacing 0.07616 m exceeds 0.25*r_d = 0.0375 m; consider a larger n_s or r_d
segment spacing 0.07616 m exceeds 0.25*r_d = 0.0375 m; consider a larger n_s or r_d
segment spacing 0.07616 m exceeds 0.25*r_d = 0.0375 m; consider a larger n_s or r_d
segment spacing 0.07616 m exceeds 0.25*r_d = 0.0375 m; consider a larger n_s or r_d
segment spacing 0.07616 m exceeds 0.25*r_d = 0.0375 m; consider a larger n_s or r_d
segment spacing 0.07616 m exceeds 0.25*r_d = 0.0375 m; consider a larger n_s or r_d
segment spacing 0.07616 m exceeds 0.25*r_d = 0.0375 m; consider a larger n_s or r_d
segment spacing 0.07616 m exceeds 0.25*r_d = 0.0375 m; consider a larger n_s or r_d
segment spacing 0.07616 m exceeds 0.25*r_d = 0.0375 m; consider a larger n_s or r_d
segment spacing 0.07616 m exceeds 0.25*r_d = 0.0375 m; consider a larger n_s or r_d
segment spacing 0.07616 m exceeds 0.25*r_d = 0.0375 m; consider a larger n_s or r_d
segment spacing 0.07616 m exceeds 0.25*r_d = 0.0375 m; consider a larger n_s or r_d
segment spacing 0.07616 m exceeds 0.25*r_d = 0.0375 m; consider a larger n_s or r_d
segment spacing 0.07616 m exceeds 0.25*r_d = 0.0375 m; consider a larger n_s or r_d
segment spacing 0.07616 m exceeds 0.25*r_d = 0.0375 m; consider a larger n_s or r_d
segment spacing 0.07616 m exceeds 0.25*r_d = 0.0375 m; consider a larger n_s or r_d
segment spacing 0.07616 m exceeds 0.25*r_d = 0.0375 m; consider a larger n_s or r_d
segment spacing 0.07616 m exceeds 0.25*r_d = 0.0375 m; consider a larger n_s or r_d
segment spacing 0.07616 m exceeds 0.25*r_d = 0.0375 m; consider a larger n_s or r_d
segment spacing 0.07616 m exceeds 0.25*r_d = 0.0375 m; consider a larger n_s or r_d
segment spacing 0.07616 m exceeds 0.25*r_d = 0.0375 m; consider a larger n_s or r_d
segment spacing 0.07616 m exceeds 0.25*r_d = 0.0375 m; consider a larger n_s or r_d
segment spacing 0.07616 m exceeds 0.25*r_d = 0.0375 m; consider a larger n_s or r_d
[D] mmin_ext star+ring D v0=10.0 mA=11.36g worstA=[0.8, 0.0] cpu=16861s
[D] 1/3 mmin_ext elapsed=16861s remain~33722s rate=0.2/h
segment spacing 0.07616 m exceeds 0.25*r_d = 0.0375 m; consider a larger n_s or r_d
segment spacing 0.07616 m exceeds 0.25*r_d = 0.0375 m; consider a larger n_s or r_d
segment spacing 0.07616 m exceeds 0.25*r_d = 0.0375 m; consider a larger n_s or r_d
segment spacing 0.07616 m exceeds 0.25*r_d = 0.0375 m; consider a larger n_s or r_d
segment spacing 0.07616 m exceeds 0.25*r_d = 0.0375 m; consider a larger n_s or r_d
segment spacing 0.07616 m exceeds 0.25*r_d = 0.0375 m; consider a larger n_s or r_d
segment spacing 0.07616 m exceeds 0.25*r_d = 0.0375 m; consider a larger n_s or r_d
segment spacing 0.07616 m exceeds 0.25*r_d = 0.0375 m; consider a larger n_s or r_d
segment spacing 0.07616 m exceeds 0.25*r_d = 0.0375 m; consider a larger n_s or r_d
segment spacing 0.07616 m exceeds 0.25*r_d = 0.0375 m; consider a larger n_s or r_d
segment spacing 0.07616 m exceeds 0.25*r_d = 0.0375 m; consider a larger n_s or r_d
segment spacing 0.07616 m exceeds 0.25*r_d = 0.0375 m; consider a larger n_s or r_d
segment spacing 0.07616 m exceeds 0.25*r_d = 0.0375 m; consider a larger n_s or r_d
segment spacing 0.07616 m exceeds 0.25*r_d = 0.0375 m; consider a larger n_s or r_d
segment spacing 0.07616 m exceeds 0.25*r_d = 0.0375 m; consider a larger n_s or r_d
segment spacing 0.07616 m exceeds 0.25*r_d = 0.0375 m; consider a larger n_s or r_d
segment spacing 0.07616 m exceeds 0.25*r_d = 0.0375 m; consider a larger n_s or r_d
segment spacing 0.07616 m exceeds 0.25*r_d = 0.0375 m; consider a larger n_s or r_d
segment spacing 0.07616 m exceeds 0.25*r_d = 0.0375 m; consider a larger n_s or r_d
segment spacing 0.07616 m exceeds 0.25*r_d = 0.0375 m; consider a larger n_s or r_d
segment spacing 0.07616 m exceeds 0.25*r_d = 0.0375 m; consider a larger n_s or r_d
segment spacing 0.07616 m exceeds 0.25*r_d = 0.0375 m; consider a larger n_s or r_d
segment spacing 0.07616 m exceeds 0.25*r_d = 0.0375 m; consider a larger n_s or r_d
segment spacing 0.07616 m exceeds 0.25*r_d = 0.0375 m; consider a larger n_s or r_d
segment spacing 0.07616 m exceeds 0.25*r_d = 0.0375 m; consider a larger n_s or r_d
segment spacing 0.07616 m exceeds 0.25*r_d = 0.0375 m; consider a larger n_s or r_d
segment spacing 0.07616 m exceeds 0.25*r_d = 0.0375 m; consider a larger n_s or r_d
segment spacing 0.07616 m exceeds 0.25*r_d = 0.0375 m; consider a larger n_s or r_d
segment spacing 0.07616 m exceeds 0.25*r_d = 0.0375 m; consider a larger n_s or r_d
segment spacing 0.07616 m exceeds 0.25*r_d = 0.0375 m; consider a larger n_s or r_d
segment spacing 0.07616 m exceeds 0.25*r_d = 0.0375 m; consider a larger n_s or r_d
segment spacing 0.07616 m exceeds 0.25*r_d = 0.0375 m; consider a larger n_s or r_d
segment spacing 0.07616 m exceeds 0.25*r_d = 0.0375 m; consider a larger n_s or r_d
segment spacing 0.07616 m exceeds 0.25*r_d = 0.0375 m; consider a larger n_s or r_d
segment spacing 0.07616 m exceeds 0.25*r_d = 0.0375 m; consider a larger n_s or r_d
segment spacing 0.07616 m exceeds 0.25*r_d = 0.0375 m; consider a larger n_s or r_d
segment spacing 0.07616 m exceeds 0.25*r_d = 0.0375 m; consider a larger n_s or r_d
segment spacing 0.07616 m exceeds 0.25*r_d = 0.0375 m; consider a larger n_s or r_d
[D] mmin_ext star+ring D v0=15.0 mA=25.32g worstA=[0.8, 0.0] cpu=24898s
[D] 2/3 mmin_ext elapsed=24898s remain~12449s rate=0.3/h
segment spacing 0.07616 m exceeds 0.25*r_d = 0.0375 m; consider a larger n_s or r_d
segment spacing 0.07616 m exceeds 0.25*r_d = 0.0375 m; consider a larger n_s or r_d
segment spacing 0.07616 m exceeds 0.25*r_d = 0.0375 m; consider a larger n_s or r_d
segment spacing 0.07616 m exceeds 0.25*r_d = 0.0375 m; consider a larger n_s or r_d
segment spacing 0.07616 m exceeds 0.25*r_d = 0.0375 m; consider a larger n_s or r_d
segment spacing 0.07616 m exceeds 0.25*r_d = 0.0375 m; consider a larger n_s or r_d
segment spacing 0.07616 m exceeds 0.25*r_d = 0.0375 m; consider a larger n_s or r_d
segment spacing 0.07616 m exceeds 0.25*r_d = 0.0375 m; consider a larger n_s or r_d
segment spacing 0.07616 m exceeds 0.25*r_d = 0.0375 m; consider a larger n_s or r_d
segment spacing 0.07616 m exceeds 0.25*r_d = 0.0375 m; consider a larger n_s or r_d
segment spacing 0.07616 m exceeds 0.25*r_d = 0.0375 m; consider a larger n_s or r_d
segment spacing 0.07616 m exceeds 0.25*r_d = 0.0375 m; consider a larger n_s or r_d
segment spacing 0.07616 m exceeds 0.25*r_d = 0.0375 m; consider a larger n_s or r_d
segment spacing 0.07616 m exceeds 0.25*r_d = 0.0375 m; consider a larger n_s or r_d
segment spacing 0.07616 m exceeds 0.25*r_d = 0.0375 m; consider a larger n_s or r_d
segment spacing 0.07616 m exceeds 0.25*r_d = 0.0375 m; consider a larger n_s or r_d
segment spacing 0.07616 m exceeds 0.25*r_d = 0.0375 m; consider a larger n_s or r_d
segment spacing 0.07616 m exceeds 0.25*r_d = 0.0375 m; consider a larger n_s or r_d
segment spacing 0.07616 m exceeds 0.25*r_d = 0.0375 m; consider a larger n_s or r_d
segment spacing 0.07616 m exceeds 0.25*r_d = 0.0375 m; consider a larger n_s or r_d
segment spacing 0.07616 m exceeds 0.25*r_d = 0.0375 m; consider a larger n_s or r_d
segment spacing 0.07616 m exceeds 0.25*r_d = 0.0375 m; consider a larger n_s or r_d
segment spacing 0.07616 m exceeds 0.25*r_d = 0.0375 m; consider a larger n_s or r_d
segment spacing 0.07616 m exceeds 0.25*r_d = 0.0375 m; consider a larger n_s or r_d
segment spacing 0.07616 m exceeds 0.25*r_d = 0.0375 m; consider a larger n_s or r_d
segment spacing 0.07616 m exceeds 0.25*r_d = 0.0375 m; consider a larger n_s or r_d
segment spacing 0.07616 m exceeds 0.25*r_d = 0.0375 m; consider a larger n_s or r_d
segment spacing 0.07616 m exceeds 0.25*r_d = 0.0375 m; consider a larger n_s or r_d
segment spacing 0.07616 m exceeds 0.25*r_d = 0.0375 m; consider a larger n_s or r_d
segment spacing 0.07616 m exceeds 0.25*r_d = 0.0375 m; consider a larger n_s or r_d
segment spacing 0.07616 m exceeds 0.25*r_d = 0.0375 m; consider a larger n_s or r_d
segment spacing 0.07616 m exceeds 0.25*r_d = 0.0375 m; consider a larger n_s or r_d
segment spacing 0.07616 m exceeds 0.25*r_d = 0.0375 m; consider a larger n_s or r_d
segment spacing 0.07616 m exceeds 0.25*r_d = 0.0375 m; consider a larger n_s or r_d
segment spacing 0.07616 m exceeds 0.25*r_d = 0.0375 m; consider a larger n_s or r_d
segment spacing 0.07616 m exceeds 0.25*r_d = 0.0375 m; consider a larger n_s or r_d
segment spacing 0.07616 m exceeds 0.25*r_d = 0.0375 m; consider a larger n_s or r_d
segment spacing 0.07616 m exceeds 0.25*r_d = 0.0375 m; consider a larger n_s or r_d
segment spacing 0.07616 m exceeds 0.25*r_d = 0.0375 m; consider a larger n_s or r_d
segment spacing 0.07616 m exceeds 0.25*r_d = 0.0375 m; consider a larger n_s or r_d
segment spacing 0.07616 m exceeds 0.25*r_d = 0.0375 m; consider a larger n_s or r_d
segment spacing 0.07616 m exceeds 0.25*r_d = 0.0375 m; consider a larger n_s or r_d
segment spacing 0.07616 m exceeds 0.25*r_d = 0.0375 m; consider a larger n_s or r_d
segment spacing 0.07616 m exceeds 0.25*r_d = 0.0375 m; consider a larger n_s or r_d
segment spacing 0.07616 m exceeds 0.25*r_d = 0.0375 m; consider a larger n_s or r_d
segment spacing 0.07616 m exceeds 0.25*r_d = 0.0375 m; consider a larger n_s or r_d
segment spacing 0.07616 m exceeds 0.25*r_d = 0.0375 m; consider a larger n_s or r_d
segment spacing 0.07616 m exceeds 0.25*r_d = 0.0375 m; consider a larger n_s or r_d
segment spacing 0.07616 m exceeds 0.25*r_d = 0.0375 m; consider a larger n_s or r_d
segment spacing 0.07616 m exceeds 0.25*r_d = 0.0375 m; consider a larger n_s or r_d
[D] mmin_ext star+ring D v0=20.0 mA=45.88g worstA=[0.8, 0.0] cpu=36822s
[D] 3/3 mmin_ext elapsed=36822s remain~0s rate=0.3/h
warning: Not a git repository. Use --no-index to compare two paths outside a working tree
usage: git diff --no-index [<options>] <path> <path>

Diff output format options
    -p, --patch           generate patch
    -s, --no-patch        suppress diff output
    -u                    generate patch
    -U, --unified[=<n>]   generate diffs with <n> lines context
    -W, --function-context
                          generate diffs with <n> lines context
    --raw                 generate the diff in raw format
    --patch-with-raw      synonym for '-p --raw'
    --patch-with-stat     synonym for '-p --stat'
    --numstat             machine friendly --stat
    --shortstat           output only the last line of --stat
    -X, --dirstat[=<param1,param2>...]
                          output the distribution of relative amount of changes for each sub-directory
    --cumulative          synonym for --dirstat=cumulative
    --dirstat-by-file[=<param1,param2>...]
                          synonym for --dirstat=files,param1,param2...
    --check               warn if changes introduce conflict markers or whitespace errors
    --summary             condensed summary such as creations, renames and mode changes
    --name-only           show only names of changed files
    --name-status         show only names and status of changed files
    --stat[=<width>[,<name-width>[,<count>]]]
                          generate diffstat
    --stat-width <width>  generate diffstat with a given width
    --stat-name-width <width>
                          generate diffstat with a given name width
    --stat-graph-width <width>
                          generate diffstat with a given graph width
    --stat-count <count>  generate diffstat with limited lines
    --compact-summary     generate compact summary in diffstat
    --binary              output a binary diff that can be applied
    --full-index          show full pre- and post-image object names on the "index" lines
    --color[=<when>]      show colored diff
    --ws-error-highlight <kind>
                          highlight whitespace errors in the 'context', 'old' or 'new' lines in the diff
    -z                    do not munge pathnames and use NULs as output field terminators in --raw or --numstat
    --abbrev[=<n>]        use <n> digits to display object names
    --src-prefix <prefix>
                          show the given source prefix instead of "a/"
    --dst-prefix <prefix>
                          show the given destination prefix instead of "b/"
    --line-prefix <prefix>
                          prepend an additional prefix to every line of output
    --no-prefix           do not show any source or destination prefix
    --inter-hunk-context <n>
                          show context between diff hunks up to the specified number of lines
    --output-indicator-new <char>
                          specify the character to indicate a new line instead of '+'
    --output-indicator-old <char>
                          specify the character to indicate an old line instead of '-'
    --output-indicator-context <char>
                          specify the character to indicate a context instead of ' '

Diff rename options
    -B, --break-rewrites[=<n>[/<m>]]
                          break complete rewrite changes into pairs of delete and create
    -M, --find-renames[=<n>]
                          detect renames
    -D, --irreversible-delete
                          omit the preimage for deletes
    -C, --find-copies[=<n>]
                          detect copies
    --find-copies-harder  use unmodified files as source to find copies
    --no-renames          disable rename detection
    --rename-empty        use empty blobs as rename source
    --follow              continue listing the history of a file beyond renames
    -l <n>                prevent rename/copy detection if the number of rename/copy targets exceeds given limit

Diff algorithm options
    --minimal             produce the smallest possible diff
    -w, --ignore-all-space
                          ignore whitespace when comparing lines
    -b, --ignore-space-change
                          ignore changes in amount of whitespace
    --ignore-space-at-eol
                          ignore changes in whitespace at EOL
    --ignore-cr-at-eol    ignore carrier-return at the end of line
    --ignore-blank-lines  ignore changes whose lines are all blank
    -I, --ignore-matching-lines <regex>
                          ignore changes whose all lines match <regex>
    --indent-heuristic    heuristic to shift diff hunk boundaries for easy reading
    --patience            generate diff using the "patience diff" algorithm
    --histogram           generate diff using the "histogram diff" algorithm
    --diff-algorithm <algorithm>
                          choose a diff algorithm
    --anchored <text>     generate diff using the "anchored diff" algorithm
    --word-diff[=<mode>]  show word diff, using <mode> to delimit changed words
    --word-diff-regex <regex>
                          use <regex> to decide what a word is
    --color-words[=<regex>]
                          equivalent to --word-diff=color --word-diff-regex=<regex>
    --color-moved[=<mode>]
                          moved lines of code are colored differently
    --color-moved-ws <mode>
                          how white spaces are ignored in --color-moved

Other diff options
    --relative[=<prefix>]
                          when run from subdir, exclude changes outside and show relative paths
    -a, --text            treat all files as text
    -R                    swap two inputs, reverse the diff
    --exit-code           exit with 1 if there were differences, 0 otherwise
    --quiet               disable all output of the program
    --ext-diff            allow an external diff helper to be executed
    --textconv            run external text conversion filters when comparing binary files
    --ignore-submodules[=<when>]
                          ignore changes to submodules in the diff generation
    --submodule[=<format>]
                          specify how differences in submodules are shown
    --ita-invisible-in-index
                          hide 'git add -N' entries from the index
    --ita-visible-in-index
                          treat 'git add -N' entries as real in the index
    -S <string>           look for differences that change the number of occurrences of the specified string
    -G <regex>            look for differences that change the number of occurrences of the specified regex
    --pickaxe-all         show all changes in the changeset with -S or -G
    --pickaxe-regex       treat <string> in -S as extended POSIX regular expression
    -O <file>             control the order in which files appear in the output
    --rotate-to <path>    show the change in the specified path first
    --skip-to <path>      skip the output to the specified path
    --find-object <object-id>
                          look for differences that change the number of occurrences of the specified object
    --diff-filter [(A|C|D|M|R|T|U|X|B)...[*]]
                          select files by diff type
    --output <file>       Output to a specific file

=== shard D done in 36822s ===
=== round8b on-vm done 2026-10-08T02:07:26Z shard=D ===
 real in the index
    -S <string>           look for differences that change the number of occurrences of the specified string
    -G <regex>            look for differences that change the number of occurrences of the specified regex
    --pickaxe-all         show all changes in the changeset with -S or -G
    --pickaxe-regex       treat <string> in -S as extended POSIX regular expression
    -O <file>             control the order in which files appear in the output
    --rotate-to <path>    show the change in the specified path first
    --skip-to <path>      skip the output to the specified path
    --find-object <object-id>
                          look for differences that change the number of occurrences of the specified object
    --diff-filter [(A|C|D|M|R|T|U|X|B)...[*]]
                          select files by diff type
    --output <file>       Output to a specific file

=== shard D done in 36822s ===
=== round8b on-vm done 2026-10-08T02:07:26Z shard=D ===
